// Jest Snapshot v1, https://goo.gl/fbAQLP

exports[`ArticleLeadImage should render correctly 1`] = `
<img
  alt="Repellat quisquam recusandae alias consequuntur corporis."
  className="article__lead-image"
  src="https://caesar.biz"
/>
`;
